アトラシアン サポート
/
Bitbucket
/
リソース
/
Bitbucket Cloud でリポジトリをセットアップおよび操作する
/
コミットの使用方法をご確認ください。
クラウド

Data Center
ソース ファイルの追加、編集、およびソース ファイルへのコミット

Bitbucket Cloud リポジトリで作業する際には、新しいファイルを追加したり、既存のファイルを編集したりする方法を知っておく必要があります。これにより、リポジトリに変更をコミットして、自身 (または別の人物) がリポジトリのそのポイントを参照できるようになります。

ローカルで変更を加えてコミットしてから Bitbucket にプッシュするか、オンライン エディターで編集できます。

ローカル ソース ファイルの編集
マシンまたはローカル ネットワーク上にリポジトリのローカル コピーがない場合、最初にリポジトリのクローンを行ってコードのクローンを取得します。

Git での追加とコミット
次の表に、ローカル リポジトリのファイルで作業する際に使用する主な git コマンドを示します。

操作

Git コマンド

すべての新しいファイルを追加

git add --all

ファイルを削除

git rm <filename>

変更をコミット

git commit -m '<commit_message>'

次に使用する git コマンドを判断

git status 

詳細は、Git についてのドキュメントを参照してください。

Git リポジトリにファイルを追加およびコミットする方法
ローカルのプロジェクト ディレクトリで、新しいファイルを作成するか、既存のファイルを編集します。

ローカル プロジェクト ディレクトリで、コマンド ライン プロンプトに「git add --all」と入力して、ファイルまたは変更をリポジトリに追加します。コミットされる変更を表示するには「git status」と入力します。

例:

$ git add --all
$ git status
# On branch main
# Changes to be committed:
# (use "git reset HEAD <file>..." to unstage)
#
# new file: 1.png
